adns
adr-tools
aquasecurity/trivy/trivy
awk
azure-cli
azure/kubelogin/kubelogin
bitwarden-cli
cloc
consul
ctop
dep
fairwindsops/tap/pluto
fastlane
ffmpeg
git
git-lfs
gnupg
grep
grpcurl
helm
hopenpgp-tools
httpie
ilmbase
imagemagick
ipcalc
itchyny/tap/base58
jakehilborn/jakehilborn/displayplacer
k2tf
kaos/shell/bats-assert
kind
krew
ktlint
kubectx
kustomize
libpq
llvm
maven
mike-engel/jwt-cli/jwt-cli
minamijoyo/tfmigrate/tfmigrate
mkdocs
moreutils
mpack
netcat
nghttp2
oci-cli
openapi-generator
ossp-uuid
packer
paperkey
pinentry-mac
plantuml
pre-commit
pyenv
python-yq
qemu
redis
robscott/tap/kube-capacity
romkatv/powerlevel10k/powerlevel10k
rtmpdump
sdkman/tap/sdkman-cli
shellcheck
sops
stern
stow
terraform-docs
terraform@0.13
tfenv
thefuck
tree
uudeview
vault
watch
wget
yamllint
ykman
ykpers
youtube-dl
yt-dlp/taps/yt-dlp
zsh
android-sdk
blender
docker
firefox
git-credential-manager-core
google-drive
gpg-suite-pinentry
iterm2
jetbrains-toolbox
logitech-camera-settings
microsoft-teams
nordic-nrf-command-line-tools
nordic-nrf-connect
postman
segger-jlink
signal
slack
tiptoi-manager
tuntap
vagrant
virtualbox
zoom
